\BOOKMARK [1][-]{section.1}{\376\377\000I\000n\000t\000r\000o\000d\000u\000\347\000\343\000o}{}% 1
\BOOKMARK [1][-]{section.2}{\376\377\000B\000a\000s\000e\000\040\000d\000e\000\040\000D\000a\000d\000o\000s\000\040\000e\000\040\000C\000u\000r\000a\000d\000o\000r\000i\000a}{}% 2
\BOOKMARK [2][-]{subsection.2.1}{\376\377\000D\000a\000t\000a\000s\000e\000t\000\040\000I\000A\000R\000A}{section.2}% 3
\BOOKMARK [2][-]{subsection.2.2}{\376\377\000C\000u\000r\000a\000d\000o\000r\000i\000a\000\040\000e\000\040\000I\000s\000o\000l\000a\000m\000e\000n\000t\000o\000\040\000d\000e\000\040\000A\000l\000v\000o\000s}{section.2}% 4
\BOOKMARK [2][-]{subsection.2.3}{\376\377\000M\000a\000p\000e\000a\000m\000e\000n\000t\000o\000\040\000d\000e\000\040\000C\000l\000a\000s\000s\000e\000s}{section.2}% 5
\BOOKMARK [1][-]{section.3}{\376\377\000E\000x\000t\000r\000a\000\347\000\343\000o\000\040\000d\000e\000\040\000C\000a\000r\000a\000c\000t\000e\000r\000\355\000s\000t\000i\000c\000a\000s\000\040\000E\000s\000p\000e\000c\000t\000r\000a\000i\000s}{}% 6
\BOOKMARK [2][-]{subsection.3.1}{\376\377\000R\000e\000p\000r\000e\000s\000e\000n\000t\000a\000\347\000\365\000e\000s\000\040\000E\000s\000p\000e\000c\000t\000r\000a\000i\000s}{section.3}% 7
\BOOKMARK [2][-]{subsection.3.2}{\376\377\000N\000o\000r\000m\000a\000l\000i\000z\000a\000\347\000\343\000o\000\040\000E\000s\000p\000e\000c\000t\000r\000a\000l}{section.3}% 8
\BOOKMARK [1][-]{section.4}{\376\377\000B\000a\000s\000e\000l\000i\000n\000e\000:\000\040\000M\000L\000P\000\040\000d\000e\000\040\000R\000e\000f\000e\000r\000\352\000n\000c\000i\000a\000\040\000\050\000S\000i\000l\000v\000a\000\040\000e\000t\000\040\000a\000l\000.\000,\000\040\0002\0000\0002\0005\000\051}{}% 9
\BOOKMARK [1][-]{section.5}{\376\377\000M\000\351\000t\000o\000d\000o\000\040\000P\000r\000o\000p\000o\000s\000t\000o\000:\000\040\000S\000V\000M\000\040\000c\000o\000m\000\040\000A\000p\000r\000o\000x\000i\000m\000a\000\347\000\343\000o\000\040\000d\000e\000\040\000N\000y\000s\000t\000r\000\366\000m}{}% 10
\BOOKMARK [2][-]{subsection.5.1}{\376\377\000M\000o\000t\000i\000v\000a\000\347\000\343\000o\000\040\000e\000\040\000E\000s\000c\000a\000l\000a\000b\000i\000l\000i\000d\000a\000d\000e}{section.5}% 11
\BOOKMARK [2][-]{subsection.5.2}{\376\377\000A\000p\000r\000o\000x\000i\000m\000a\000\347\000\343\000o\000\040\000d\000e\000\040\000N\000y\000s\000t\000r\000\366\000m}{section.5}% 12
\BOOKMARK [2][-]{subsection.5.3}{\376\377\000S\000e\000l\000e\000\347\000\343\000o\000\040\000d\000e\000\040\000L\000a\000n\000d\000m\000a\000r\000k\000s}{section.5}% 13
\BOOKMARK [2][-]{subsection.5.4}{\376\377\000D\000e\000c\000i\000s\000\343\000o\000\040\000p\000o\000r\000\040\000V\000o\000t\000a\000\347\000\343\000o\000\040\000T\000e\000m\000p\000o\000r\000a\000l}{section.5}% 14
\BOOKMARK [2][-]{subsection.5.5}{\376\377\000R\000e\000g\000u\000l\000a\000r\000i\000z\000a\000\347\000\343\000o\000\040\000E\000l\000a\000s\000t\000i\000c\000N\000e\000t}{section.5}% 15
\BOOKMARK [1][-]{section.6}{\376\377\000P\000r\000o\000t\000o\000c\000o\000l\000o\000\040\000E\000x\000p\000e\000r\000i\000m\000e\000n\000t\000a\000l}{}% 16
\BOOKMARK [2][-]{subsection.6.1}{\376\377\000V\000a\000l\000i\000d\000a\000\347\000\343\000o\000\040\000C\000r\000u\000z\000a\000d\000a\000\040\0005\0002\000c\000v}{section.6}% 17
\BOOKMARK [2][-]{subsection.6.2}{\376\377\000M\000\351\000t\000r\000i\000c\000a\000s\000\040\000d\000e\000\040\000A\000v\000a\000l\000i\000a\000\347\000\343\000o}{section.6}% 18
\BOOKMARK [1][-]{section.7}{\376\377\000A\000j\000u\000s\000t\000e\000\040\000d\000e\000\040\000H\000i\000p\000e\000r\000p\000a\000r\000\342\000m\000e\000t\000r\000o\000s}{}% 19
\BOOKMARK [2][-]{subsection.7.1}{\376\377\000N\000\372\000m\000e\000r\000o\000\040\000d\000e\000\040\000L\000a\000n\000d\000m\000a\000r\000k\000s\000\040\000\050\000m\000\051}{section.7}% 20
\BOOKMARK [2][-]{subsection.7.2}{\376\377\000P\000e\000n\000a\000l\000i\000d\000a\000d\000e\000\040\000C\000,\000\040\000L\000a\000r\000g\000u\000r\000a\000\040\000\040\000e\000\040\000R\000e\000g\000u\000l\000a\000r\000i\000z\000a\000\347\000\343\000o\000\040\000E\000l\000a\000s\000t\000i\000c\000N\000e\000t}{section.7}% 21
\BOOKMARK [1][-]{section.8}{\376\377\000R\000e\000s\000u\000l\000t\000a\000d\000o\000s}{}% 22
\BOOKMARK [2][-]{subsection.8.1}{\376\377\000C\000o\000m\000p\000a\000r\000a\000\347\000\343\000o\000\040\000G\000l\000o\000b\000a\000l\000:\000\040\000S\000V\000M\000\040\000v\000s\000.\000\040\000B\000a\000s\000e\000l\000i\000n\000e\000s}{section.8}% 23
\BOOKMARK [2][-]{subsection.8.2}{\376\377\000A\000n\000\341\000l\000i\000s\000e\000\040\000d\000e\000\040\000E\000r\000r\000o\000s\000:\000\040\000M\000a\000t\000r\000i\000z\000e\000s\000\040\000d\000e\000\040\000C\000o\000n\000f\000u\000s\000\343\000o}{section.8}% 24
\BOOKMARK [2][-]{subsection.8.3}{\376\377\000A\000n\000\341\000l\000i\000s\000e\000\040\000E\000s\000t\000a\000t\000\355\000s\000t\000i\000c\000a\000\040\000d\000a\000\040\000V\000a\000r\000i\000\342\000n\000c\000i\000a}{section.8}% 25
\BOOKMARK [1][-]{section.9}{\376\377\000C\000o\000n\000c\000l\000u\000s\000\365\000e\000s}{}% 26
\BOOKMARK [1][-]{section.10}{\376\377\000T\000r\000a\000b\000a\000l\000h\000o\000s\000\040\000F\000u\000t\000u\000r\000o\000s}{}% 27
